============================= test session starts =============================
platform win32 -- Python 3.11.9, pytest-8.3.2, pluggy-1.5.0
rootdir: C:\Users\magod\Downloads\Challenge-2\Reto2-G03
collected 6 items

App\test_logic.py .FFFFF                                                 [100%]

================================== FAILURES ===================================
_________________________________ test_sumar __________________________________

    def test_sumar():
>       result = logic.sumar(2, 3)
E       AttributeError: module 'App.logic' has no attribute 'sumar'

App\test_logic.py:5: AttributeError
____________________________ test_requerimiento_1 _____________________________

    def test_requerimiento_1():
>       resultado = logic.funcion_requerimiento_1(parametros)
E       AttributeError: module 'App.logic' has no attribute 'funcion_requerimiento_1'

App\test_logic.py:12: AttributeError
____________________________ test_requerimiento_6 _____________________________

    def test_requerimiento_6():
>       resultado = logic.funcion_requerimiento_6(parametros)
E       AttributeError: module 'App.logic' has no attribute 'funcion_requerimiento_6'

App\test_logic.py:16: AttributeError
____________________________ test_requerimiento_7 _____________________________

    def test_requerimiento_7():
>       resultado = logic.funcion_requerimiento_7(parametros)
E       AttributeError: module 'App.logic' has no attribute 'funcion_requerimiento_7'

App\test_logic.py:20: AttributeError
____________________________ test_requerimiento_8 _____________________________

    def test_requerimiento_8():
>       resultado = logic.funcion_requerimiento_8(parametros)
E       AttributeError: module 'App.logic' has no attribute 'funcion_requerimiento_8'

App\test_logic.py:24: AttributeError
============================== slowest durations ==============================

(18 durations < 0.005s hidden.  Use -vv to show these durations.)
=========================== short test summary info ===========================
FAILED App/test_logic.py::test_sumar - AttributeError: module 'App.logic' has...
FAILED App/test_logic.py::test_requerimiento_1 - AttributeError: module 'App....
FAILED App/test_logic.py::test_requerimiento_6 - AttributeError: module 'App....
FAILED App/test_logic.py::test_requerimiento_7 - AttributeError: module 'App....
FAILED App/test_logic.py::test_requerimiento_8 - AttributeError: module 'App....
========================= 5 failed, 1 passed in 0.06s =========================
